../Core/Src/main.c:96:5:__io_putchar	16	static
../Core/Src/main.c:108:5:main	8	static
../Core/Src/main.c:199:6:SystemClock_Config	88	static
../Core/Src/main.c:246:13:MX_SPI2_Init	8	static
../Core/Src/main.c:284:13:MX_USART2_UART_Init	8	static
../Core/Src/main.c:317:13:MX_GPIO_Init	48	static
../Core/Src/main.c:373:6:StartDefaultTask	16	static
../Core/Src/main.c:392:6:StartTask02	16	static
../Core/Src/main.c:411:6:StartTask03	16	static
../Core/Src/main.c:431:6:HAL_TIM_PeriodElapsedCallback	16	static
../Core/Src/main.c:448:6:Error_Handler	4	static,ignoring_inline_asm
