../Core/Src/main.c:100:5:__io_putchar	16	static
../Core/Src/main.c:112:5:main	16	static
../Core/Src/main.c:220:6:SystemClock_Config	88	static
../Core/Src/main.c:267:13:MX_SPI2_Init	8	static
../Core/Src/main.c:305:13:MX_USART2_UART_Init	8	static
../Core/Src/main.c:338:13:MX_GPIO_Init	48	static
../Core/Src/main.c:394:6:StartDefaultTask	16	static
../Core/Src/main.c:413:6:StartTask02	24	static
../Core/Src/main.c:436:6:StartTask03	16	static
../Core/Src/main.c:456:6:HAL_TIM_PeriodElapsedCallback	16	static
../Core/Src/main.c:473:6:Error_Handler	4	static,ignoring_inline_asm
